Archive member included to satisfy reference by file (symbol)

C:/ST/STM32CubeIDE_1.17.0/STM32CubeIDE/plugins/com.st.stm32cube.ide.mcu.externaltools.gnu-tools-for-stm32.12.3.rel1.win32_1.1.0.202410251130/tools/bin/../lib/gcc/arm-none-eabi/12.3.1/../../../../arm-none-eabi/lib/thumb/v7-m/nofp\libc_nano.a(libc_a-exit.o)
                              C:/ST/STM32CubeIDE_1.17.0/STM32CubeIDE/plugins/com.st.stm32cube.ide.mcu.externaltools.gnu-tools-for-stm32.12.3.rel1.win32_1.1.0.202410251130/tools/bin/../lib/gcc/arm-none-eabi/12.3.1/../../../../arm-none-eabi/lib/thumb/v7-m/nofp/crt0.o (exit)
C:/ST/STM32CubeIDE_1.17.0/STM32CubeIDE/plugins/com.st.stm32cube.ide.mcu.externaltools.gnu-tools-for-stm32.12.3.rel1.win32_1.1.0.202410251130/tools/bin/../lib/gcc/arm-none-eabi/12.3.1/../../../../arm-none-eabi/lib/thumb/v7-m/nofp\libc_nano.a(libc_a-findfp.o)
                              C:/ST/STM32CubeIDE_1.17.0/STM32CubeIDE/plugins/com.st.stm32cube.ide.mcu.externaltools.gnu-tools-for-stm32.12.3.rel1.win32_1.1.0.202410251130/tools/bin/../lib/gcc/arm-none-eabi/12.3.1/../../../../arm-none-eabi/lib/thumb/v7-m/nofp\libc_nano.a(libc_a-exit.o) (__stdio_exit_handler)
C:/ST/STM32CubeIDE_1.17.0/STM32CubeIDE/plugins/com.st.stm32cube.ide.mcu.externaltools.gnu-tools-for-stm32.12.3.rel1.win32_1.1.0.202410251130/tools/bin/../lib/gcc/arm-none-eabi/12.3.1/../../../../arm-none-eabi/lib/thumb/v7-m/nofp\libc_nano.a(libc_a-fwalk.o)
                              C:/ST/STM32CubeIDE_1.17.0/STM32CubeIDE/plugins/com.st.stm32cube.ide.mcu.externaltools.gnu-tools-for-stm32.12.3.rel1.win32_1.1.0.202410251130/tools/bin/../lib/gcc/arm-none-eabi/12.3.1/../../../../arm-none-eabi/lib/thumb/v7-m/nofp\libc_nano.a(libc_a-findfp.o) (_fwalk_sglue)
C:/ST/STM32CubeIDE_1.17.0/STM32CubeIDE/plugins/com.st.stm32cube.ide.mcu.externaltools.gnu-tools-for-stm32.12.3.rel1.win32_1.1.0.202410251130/tools/bin/../lib/gcc/arm-none-eabi/12.3.1/../../../../arm-none-eabi/lib/thumb/v7-m/nofp\libc_nano.a(libc_a-stdio.o)
                              C:/ST/STM32CubeIDE_1.17.0/STM32CubeIDE/plugins/com.st.stm32cube.ide.mcu.externaltools.gnu-tools-for-stm32.12.3.rel1.win32_1.1.0.202410251130/tools/bin/../lib/gcc/arm-none-eabi/12.3.1/../../../../arm-none-eabi/lib/thumb/v7-m/nofp\libc_nano.a(libc_a-findfp.o) (__sread)
C:/ST/STM32CubeIDE_1.17.0/STM32CubeIDE/plugins/com.st.stm32cube.ide.mcu.externaltools.gnu-tools-for-stm32.12.3.rel1.win32_1.1.0.202410251130/tools/bin/../lib/gcc/arm-none-eabi/12.3.1/../../../../arm-none-eabi/lib/thumb/v7-m/nofp\libc_nano.a(libc_a-memset.o)
                              C:/ST/STM32CubeIDE_1.17.0/STM32CubeIDE/plugins/com.st.stm32cube.ide.mcu.externaltools.gnu-tools-for-stm32.12.3.rel1.win32_1.1.0.202410251130/tools/bin/../lib/gcc/arm-none-eabi/12.3.1/../../../../arm-none-eabi/lib/thumb/v7-m/nofp/crt0.o (memset)
C:/ST/STM32CubeIDE_1.17.0/STM32CubeIDE/plugins/com.st.stm32cube.ide.mcu.externaltools.gnu-tools-for-stm32.12.3.rel1.win32_1.1.0.202410251130/tools/bin/../lib/gcc/arm-none-eabi/12.3.1/../../../../arm-none-eabi/lib/thumb/v7-m/nofp\libc_nano.a(libc_a-closer.o)
                              C:/ST/STM32CubeIDE_1.17.0/STM32CubeIDE/plugins/com.st.stm32cube.ide.mcu.externaltools.gnu-tools-for-stm32.12.3.rel1.win32_1.1.0.202410251130/tools/bin/../lib/gcc/arm-none-eabi/12.3.1/../../../../arm-none-eabi/lib/thumb/v7-m/nofp\libc_nano.a(libc_a-stdio.o) (_close_r)
C:/ST/STM32CubeIDE_1.17.0/STM32CubeIDE/plugins/com.st.stm32cube.ide.mcu.externaltools.gnu-tools-for-stm32.12.3.rel1.win32_1.1.0.202410251130/tools/bin/../lib/gcc/arm-none-eabi/12.3.1/../../../../arm-none-eabi/lib/thumb/v7-m/nofp\libc_nano.a(libc_a-reent.o)
                              C:/ST/STM32CubeIDE_1.17.0/STM32CubeIDE/plugins/com.st.stm32cube.ide.mcu.externaltools.gnu-tools-for-stm32.12.3.rel1.win32_1.1.0.202410251130/tools/bin/../lib/gcc/arm-none-eabi/12.3.1/../../../../arm-none-eabi/lib/thumb/v7-m/nofp\libc_nano.a(libc_a-closer.o) (errno)
C:/ST/STM32CubeIDE_1.17.0/STM32CubeIDE/plugins/com.st.stm32cube.ide.mcu.externaltools.gnu-tools-for-stm32.12.3.rel1.win32_1.1.0.202410251130/tools/bin/../lib/gcc/arm-none-eabi/12.3.1/../../../../arm-none-eabi/lib/thumb/v7-m/nofp\libc_nano.a(libc_a-impure.o)
                              C:/ST/STM32CubeIDE_1.17.0/STM32CubeIDE/plugins/com.st.stm32cube.ide.mcu.externaltools.gnu-tools-for-stm32.12.3.rel1.win32_1.1.0.202410251130/tools/bin/../lib/gcc/arm-none-eabi/12.3.1/../../../../arm-none-eabi/lib/thumb/v7-m/nofp\libc_nano.a(libc_a-reent.o) (_impure_ptr)
C:/ST/STM32CubeIDE_1.17.0/STM32CubeIDE/plugins/com.st.stm32cube.ide.mcu.externaltools.gnu-tools-for-stm32.12.3.rel1.win32_1.1.0.202410251130/tools/bin/../lib/gcc/arm-none-eabi/12.3.1/../../../../arm-none-eabi/lib/thumb/v7-m/nofp\libc_nano.a(libc_a-lseekr.o)
[...]
Memory Configuration

Name             Origin             Length             Attributes
RAM              0x20000000         0x0000c000         xrw
FLASH            0x08000000         0x00040000         xr
*default*        0x00000000         0xffffffff

Linker script and memory map

LOAD C:/ST/STM32CubeIDE_1.17.0/STM32CubeIDE/plugins/com.st.stm32cube.ide.mcu.externaltools.gnu-tools-for-stm32.12.3.rel1.win32_1.1.0.202410251130/tools/bin/../lib/gcc/arm-none-eabi/12.3.1/thumb/v7-m/nofp/crti.o
LOAD C:/ST/STM32CubeIDE_1.17.0/STM32CubeIDE/plugins/com.st.stm32cube.ide.mcu.externaltools.gnu-tools-for-stm32.12.3.rel1.win32_1.1.0.202410251130/tools/bin/../lib/gcc/arm-none-eabi/12.3.1/thumb/v7-m/nofp/crtbegin.o
LOAD C:/ST/STM32CubeIDE_1.17.0/STM32CubeIDE/plugins/com.st.stm32cube.ide.mcu.externaltools.gnu-tools-for-stm32.12.3.rel1.win32_1.1.0.202410251130/tools/bin/../lib/gcc/arm-none-eabi/12.3.1/../../../../arm-none-eabi/lib/thumb/v7-m/nofp/crt0.o
LOAD ./Core/Src/main.o
LOAD ./Core/Src/stm32f1xx_hal_msp.o
LOAD ./Core/Src/stm32f1xx_it.o
LOAD ./Core/Src/syscalls.o
LOAD ./Core/Src/sysmem.o
LOAD ./Core/Src/system_stm32f1xx.o
LOAD ./Core/Startup/startup_stm32f103rctx.o
LOAD ./Drivers/STM32F1xx_HAL_Driver/Src/stm32f1xx_hal.o
LOAD ./Drivers/STM32F1xx_HAL_Driver/Src/stm32f1xx_hal_adc.o
LOAD ./Drivers/STM32F1xx_HAL_Driver/Src/stm32f1xx_hal_adc_ex.o
LOAD ./Drivers/STM32F1xx_HAL_Driver/Src/stm32f1xx_hal_cortex.o
LOAD ./Drivers/STM32F1xx_HAL_Driver/Src/stm32f1xx_hal_dma.o
LOAD ./Drivers/STM32F1xx_HAL_Driver/Src/stm32f1xx_hal_exti.o
LOAD ./Drivers/STM32F1xx_HAL_Driver/Src/stm32f1xx_hal_flash.o
LOAD ./Drivers/STM32F1xx_HAL_Driver/Src/stm32f1xx_hal_flash_ex.o
LOAD ./Drivers/STM32F1xx_HAL_Driver/Src/stm32f1xx_hal_gpio.o
LOAD ./Drivers/STM32F1xx_HAL_Driver/Src/stm32f1xx_hal_gpio_ex.o
LOAD ./Drivers/STM32F1xx_HAL_Driver/Src/stm32f1xx_hal_pwr.o
LOAD ./Drivers/STM32F1xx_HAL_Driver/Src/stm32f1xx_hal_rcc.o
LOAD ./Drivers/STM32F1xx_HAL_Driver/Src/stm32f1xx_hal_rcc_ex.o
LOAD ./Drivers/STM32F1xx_HAL_Driver/Src/stm32f1xx_hal_uart.o
LOAD ./IOHWAB/IOHWAB.o
LOAD ./KbdDrv/KbdDrv.o
LOAD ./ManualAdjustment/ManualAdjustment.o
LOAD ./SeatPositionControl/SeatPositionControl.o
LOAD ./Seat_StateMngr/Seat_StateMngr.o
START GROUP
LOAD C:/ST/STM32CubeIDE_1.17.0/STM32CubeIDE/plugins/com.st.stm32cube.ide.mcu.externaltools.gnu-tools-for-stm32.12.3.rel1.win32_1.1.0.202410251130/tools/bin/../lib/gcc/arm-none-eabi/12.3.1/../../../../arm-none-eabi/lib/thumb/v7-m/nofp\libc_nano.a
LOAD C:/ST/STM32CubeIDE_1.17.0/STM32CubeIDE/plugins/com.st.stm32cube.ide.mcu.externaltools.gnu-tools-for-stm32.12.3.rel1.win32_1.1.0.202410251130/tools/bin/../lib/gcc/arm-none-eabi/12.3.1/../../../../arm-none-eabi/lib/thumb/v7-m/nofp\libm.a
END GROUP
START GROUP
LOAD C:/ST/STM32CubeIDE_1.17.0/STM32CubeIDE/plugins/com.st.stm32cube.ide.mcu.externaltools.gnu-tools-for-stm32.12.3.rel1.win32_1.1.0.202410251130/tools/bin/../lib/gcc/arm-none-eabi/12.3.1/thumb/v7-m/nofp\libgcc.a
LOAD C:/ST/STM32CubeIDE_1.17.0/STM32CubeIDE/plugins/com.st.stm32cube.ide.mcu.externaltools.gnu-tools-for-stm32.12.3.rel1.win32_1.1.0.202410251130/tools/bin/../lib/gcc/arm-none-eabi/12.3.1/../../../../arm-none-eabi/lib/thumb/v7-m/nofp\libc_nano.a
END GROUP
START GROUP
LOAD C:/ST/STM32CubeIDE_1.17.0/STM32CubeIDE/plugins/com.st.stm32cube.ide.mcu.externaltools.gnu-tools-for-stm32.12.3.rel1.win32_1.1.0.202410251130/tools/bin/../lib/gcc/arm-none-eabi/12.3.1/thumb/v7-m/nofp\libgcc.a
LOAD C:/ST/STM32CubeIDE_1.17.0/STM32CubeIDE/plugins/com.st.stm32cube.ide.mcu.externaltools.gnu-tools-for-stm32.12.3.rel1.win32_1.1.0.202410251130/tools/bin/../lib/gcc/arm-none-eabi/12.3.1/../../../../arm-none-eabi/lib/thumb/v7-m/nofp\libc_nano.a
LOAD C:/ST/STM32CubeIDE_1.17.0/STM32CubeIDE/plugins/com.st.stm32cube.ide.mcu.externaltools.gnu-tools-for-stm32.12.3.rel1.win32_1.1.0.202410251130/tools/bin/../lib/gcc/arm-none-eabi/12.3.1/../../../../arm-none-eabi/lib/thumb/v7-m/nofp\libnosys.a
END GROUP
START GROUP
LOAD C:/ST/STM32CubeIDE_1.17.0/STM32CubeIDE/plugins/com.st.stm32cube.ide.mcu.externaltools.gnu-tools-for-stm32.12.3.rel1.win32_1.1.0.202410251130/tools/bin/../lib/gcc/arm-none-eabi/12.3.1/thumb/v7-m/nofp\libgcc.a
LOAD C:/ST/STM32CubeIDE_1.17.0/STM32CubeIDE/plugins/com.st.stm32cube.ide.mcu.externaltools.gnu-tools-for-stm32.12.3.rel1.win32_1.1.0.202410251130/tools/bin/../lib/gcc/arm-none-eabi/12.3.1/../../../../arm-none-eabi/lib/thumb/v7-m/nofp\libc_nano.a
LOAD C:/ST/STM32CubeIDE_1.17.0/STM32CubeIDE/plugins/com.st.stm32cube.ide.mcu.externaltools.gnu-tools-for-stm32.12.3.rel1.win32_1.1.0.202410251130/tools/bin/../lib/gcc/arm-none-eabi/12.3.1/../../../../arm-none-eabi/lib/thumb/v7-m/nofp\libnosys.a
END GROUP
LOAD C:/ST/STM32CubeIDE_1.17.0/STM32CubeIDE/plugins/com.st.stm32cube.ide.mcu.externaltools.gnu-tools-for-stm32.12.3.rel1.win32_1.1.0.202410251130/tools/bin/../lib/gcc/arm-none-eabi/12.3.1/thumb/v7-m/nofp/crtend.o
LOAD C:/ST/STM32CubeIDE_1.17.0/STM32CubeIDE/plugins/com.st.stm32cube.ide.mcu.externaltools.gnu-tools-for-stm32.12.3.rel1.win32_1.1.0.202410251130/tools/bin/../lib/gcc/arm-none-eabi/12.3.1/thumb/v7-m/nofp/crtn.o
                0x2000c000                        _estack = (ORIGIN (RAM) + LENGTH (RAM))
                0x00000200                        _Min_Heap_Size = 0x200
                0x00000400                        _Min_Stack_Size = 0x400

.isr_vector     0x08000000      0x1e4
                0x08000000                        . = ALIGN (0x4)
 *(.isr_vector)
 .isr_vector    0x08000000      0x1e4 ./Core/Startup/startup_stm32f103rctx.o
                0x08000000                g_pfnVectors
                0x080001e4                        . = ALIGN (0x4)

.text           0x080001e4     0x2e5c
                0x080001e4                        . = ALIGN (0x4)
 *(.text)
 .text          0x080001e4       0x40 C:/ST/STM32CubeIDE_1.17.0/STM32CubeIDE/plugins/com.st.stm32cube.ide.mcu.externaltools.gnu-tools-for-stm32.12.3.rel1.win32_1.1.0.202410251130/tools/bin/../lib/gcc/arm-none-eabi/12.3.1/thumb/v7-m/nofp/crtbegin.o
 *(.text*)
 .text.Task_Init
                0x08000224       0x18 ./Core/Src/main.o
                0x08000224                Task_Init
 .text.main     0x0800023c       0x64 ./Core/Src/main.o
                0x0800023c                main
 .text.SystemClock_Config
                0x080002a0       0xb2 ./Core/Src/main.o
                0x080002a0                SystemClock_Config
 *fill*         0x08000352        0x2 
 .text.MX_ADC1_Init
                0x08000354      0x144 ./Core/Src/main.o
 .text.MX_USART3_UART_Init
                0x08000498       0x54 ./Core/Src/main.o
 .text.MX_DMA_Init
                0x080004ec       0x3c ./Core/Src/main.o
 .text.MX_GPIO_Init
                0x08000528       0xdc ./Core/Src/main.o
 .text.Error_Handler
                0x08000604        0xc ./Core/Src/main.o
                0x08000604                Error_Handler
 .text.HAL_MspInit
                0x08000610       0x5c ./Core/Src/stm32f1xx_hal_msp.o
                0x08000610                HAL_MspInit
 .text.HAL_ADC_MspInit
                0x0800066c      0x100 ./Core/Src/stm32f1xx_hal_msp.o
                0x0800066c                HAL_ADC_MspInit
 .text.HAL_UART_MspInit
                0x0800076c       0x98 ./Core/Src/stm32f1xx_hal_msp.o
                0x0800076c                HAL_UART_MspInit
 .text.NMI_Handler
                0x08000804        0x8 ./Core/Src/stm32f1xx_it.o
                0x08000804                NMI_Handler
 .text.HardFault_Handler
                0x0800080c        0xa ./Core/Src/stm32f1xx_it.o
                0x0800080c                HardFault_Handler
 .text.MemManage_Handler
                0x08000816        0x8 ./Core/Src/stm32f1xx_it.o
                0x08000816                MemManage_Handler
 .text.BusFault_Handler
                0x0800081e        0x8 ./Core/Src/stm32f1xx_it.o
                0x0800081e                BusFault_Handler
 .text.UsageFault_Handler
                0x08000826        0x8 ./Core/Src/stm32f1xx_it.o
                0x08000826                UsageFault_Handler
 .text.SVC_Handler
                0x0800082e        0xc ./Core/Src/stm32f1xx_it.o
                0x0800082e                SVC_Handler
 .text.DebugMon_Handler
                0x0800083a        0xc ./Core/Src/stm32f1xx_it.o
                0x0800083a                DebugMon_Handler
 .text.PendSV_Handler
                0x08000846        0xc ./Core/Src/stm32f1xx_it.o
                0x08000846                PendSV_Handler
 .text.SysTick_Handler
                0x08000852        0xc ./Core/Src/stm32f1xx_it.o
                0x08000852                SysTick_Handler
 *fill*         0x0800085e        0x2 
 .text.DMA1_Channel1_IRQHandler
                0x08000860       0x14 ./Core/Src/stm32f1xx_it.o
                0x08000860                DMA1_Channel1_IRQHandler
 .text.SystemInit
                0x08000874        0xc ./Core/Src/system_stm32f1xx.o
                0x08000874                SystemInit
 .text.Reset_Handler
                0x08000880       0x48 ./Core/Startup/startup_stm32f103rctx.o
                0x08000880                Reset_Handler
 .text.Default_Handler
                0x080008c8        0x2 ./Core/Startup/startup_stm32f103rctx.o
                0x080008c8                RTC_Alarm_IRQHandler
                0x080008c8                EXTI2_IRQHandler
                0x080008c8                TIM8_TRG_COM_IRQHandler
                0x080008c8                TIM8_CC_IRQHandler
                0x080008c8                TIM1_CC_IRQHandler
                0x080008c8                TIM6_IRQHandler
                0x080008c8                PVD_IRQHandler
                0x080008c8                SDIO_IRQHandler
                0x080008c8                EXTI3_IRQHandler
                0x080008c8                EXTI0_IRQHandler
                0x080008c8                I2C2_EV_IRQHandler
                0x080008c8                ADC1_2_IRQHandler
                0x080008c8                SPI1_IRQHandler
                0x080008c8                TAMPER_IRQHandler
                0x080008c8                TIM8_UP_IRQHandler
                0x080008c8                DMA2_Channel2_IRQHandler
                0x080008c8                DMA1_Channel4_IRQHandler
                0x080008c8                USART3_IRQHandler
                0x080008c8                RTC_IRQHandler
                0x080008c8                DMA1_Channel7_IRQHandler
                0x080008c8                CAN1_RX1_IRQHandler
                0x080008c8                UART5_IRQHandler
                0x080008c8                ADC3_IRQHandler
                0x080008c8                TIM4_IRQHandler
                0x080008c8                DMA2_Channel1_IRQHandler
                0x080008c8                I2C1_EV_IRQHandler
                0x080008c8                DMA1_Channel6_IRQHandler
                0x080008c8                UART4_IRQHandler
                0x080008c8                TIM3_IRQHandler
                0x080008c8                RCC_IRQHandler
                0x080008c8                TIM1_TRG_COM_IRQHandler
                0x080008c8                Default_Handler
                0x080008c8                EXTI15_10_IRQHandler
                0x080008c8                TIM7_IRQHandler
                0x080008c8                TIM5_IRQHandler
                0x080008c8                EXTI9_5_IRQHandler
                0x080008c8                SPI2_IRQHandler
                0x080008c8                DMA1_Channel5_IRQHandler
                0x080008c8                EXTI4_IRQHandler
                0x080008c8                USB_LP_CAN1_RX0_IRQHandler
                0x080008c8                USB_HP_CAN1_TX_IRQHandler
                0x080008c8                DMA1_Channel3_IRQHandler
                0x080008c8                FSMC_IRQHandler
                0x080008c8                TIM1_UP_IRQHandler
                0x080008c8                WWDG_IRQHandler
                0x080008c8                TIM2_IRQHandler
                0x080008c8                TIM1_BRK_IRQHandler
                0x080008c8                EXTI1_IRQHandler
                0x080008c8                DMA2_Channel4_5_IRQHandler
                0x080008c8                USART2_IRQHandler
                0x080008c8                I2C2_ER_IRQHandler
                0x080008c8                DMA1_Channel2_IRQHandler
                0x080008c8                TIM8_BRK_IRQHandler
                0x080008c8                CAN1_SCE_IRQHandler
                0x080008c8                FLASH_IRQHandler
                0x080008c8                USART1_IRQHandler
                0x080008c8                SPI3_IRQHandler
                0x080008c8                I2C1_ER_IRQHandler
                0x080008c8                USBWakeUp_IRQHandler
                0x080008c8                DMA2_Channel3_IRQHandler
 *fill*         0x080008ca        0x2 
 .text.HAL_Init
                0x080008cc       0x2c ./Drivers/STM32F1xx_HAL_Driver/Src/stm32f1xx_hal.o
                0x080008cc                HAL_Init
 .text.HAL_InitTick
                0x080008f8       0x60 ./Drivers/STM32F1xx_HAL_Driver/Src/stm32f1xx_hal.o
                0x080008f8                HAL_InitTick
 .text.HAL_IncTick
                0x08000958       0x30 ./Drivers/STM32F1xx_HAL_Driver/Src/stm32f1xx_hal.o
                0x08000958                HAL_IncTick
 .text.HAL_GetTick
                0x08000988       0x14 ./Drivers/STM32F1xx_HAL_Driver/Src/stm32f1xx_hal.o
                0x08000988                HAL_GetTick
 .text.HAL_ADC_Init
                0x0800099c      0x1d4 ./Drivers/STM32F1xx_HAL_Driver/Src/stm32f1xx_hal_adc.o
                0x0800099c                HAL_ADC_Init
 .text.HAL_ADC_Start_DMA
                0x08000b70      0x1bc ./Drivers/STM32F1xx_HAL_Driver/Src/stm32f1xx_hal_adc.o
                0x08000b70                HAL_ADC_Start_DMA
 .text.HAL_ADC_ConvCpltCallback
                0x08000d2c       0x12 ./Drivers/STM32F1xx_HAL_Driver/Src/stm32f1xx_hal_adc.o
                0x08000d2c                HAL_ADC_ConvCpltCallback
 .text.HAL_ADC_ConvHalfCpltCallback
                0x08000d3e       0x12 ./Drivers/STM32F1xx_HAL_Driver/Src/stm32f1xx_hal_adc.o
                0x08000d3e                HAL_ADC_ConvHalfCpltCallback
 .text.HAL_ADC_ErrorCallback
                0x08000d50       0x12 ./Drivers/STM32F1xx_HAL_Driver/Src/stm32f1xx_hal_adc.o
                0x08000d50                HAL_ADC_ErrorCallback
 *fill*         0x08000d62        0x2 
 .text.HAL_ADC_ConfigChannel
                0x08000d64      0x1f0 ./Drivers/STM32F1xx_HAL_Driver/Src/stm32f1xx_hal_adc.o
                0x08000d64                HAL_ADC_ConfigChannel
 .text.ADC_Enable
                0x08000f54       0xb4 ./Drivers/STM32F1xx_HAL_Driver/Src/stm32f1xx_hal_adc.o
                0x08000f54                ADC_Enable
 .text.ADC_ConversionStop_Disable
                0x08001008       0x82 ./Drivers/STM32F1xx_HAL_Driver/Src/stm32f1xx_hal_adc.o
                0x08001008                ADC_ConversionStop_Disable
 .text.ADC_DMAConvCplt
                0x0800108a       0x7c ./Drivers/STM32F1xx_HAL_Driver/Src/stm32f1xx_hal_adc.o
                0x0800108a                ADC_DMAConvCplt
 .text.ADC_DMAHalfConvCplt
                0x08001106       0x1c ./Drivers/STM32F1xx_HAL_Driver/Src/stm32f1xx_hal_adc.o
                0x08001106                ADC_DMAHalfConvCplt
 .text.ADC_DMAError
                0x08001122       0x34 ./Drivers/STM32F1xx_HAL_Driver/Src/stm32f1xx_hal_adc.o
                0x08001122                ADC_DMAError
 *fill*         0x08001156        0x2 
 .text.__NVIC_SetPriorityGrouping
                0x08001158       0x48 ./Drivers/STM32F1xx_HAL_Driver/Src/stm32f1xx_hal_cortex.o
 .text.__NVIC_GetPriorityGrouping
                0x080011a0       0x1c ./Drivers/STM32F1xx_HAL_Driver/Src/stm32f1xx_hal_cortex.o
 .text.__NVIC_EnableIRQ
                0x080011bc       0x38 ./Drivers/STM32F1xx_HAL_Driver/Src/stm32f1xx_hal_cortex.o
 .text.__NVIC_SetPriority
                0x080011f4       0x54 ./Drivers/STM32F1xx_HAL_Driver/Src/stm32f1xx_hal_cortex.o
 .text.NVIC_EncodePriority
                0x08001248       0x64 ./Drivers/STM32F1xx_HAL_Driver/Src/stm32f1xx_hal_cortex.o
 .text.SysTick_Config
                0x080012ac       0x44 ./Drivers/STM32F1xx_HAL_Driver/Src/stm32f1xx_hal_cortex.o
 .text.HAL_NVIC_SetPriorityGrouping
                0x080012f0       0x16 ./Drivers/STM32F1xx_HAL_Driver/Src/stm32f1xx_hal_cortex.o
                0x080012f0                HAL_NVIC_SetPriorityGrouping
 .text.HAL_NVIC_SetPriority
                0x08001306       0x38 ./Drivers/STM32F1xx_HAL_Driver/Src/stm32f1xx_hal_cortex.o
                0x08001306                HAL_NVIC_SetPriority
 .text.HAL_NVIC_EnableIRQ
                0x0800133e       0x1c ./Drivers/STM32F1xx_HAL_Driver/Src/stm32f1xx_hal_cortex.o
                0x0800133e                HAL_NVIC_EnableIRQ
 .text.HAL_SYSTICK_Config
                0x0800135a       0x18 ./Drivers/STM32F1xx_HAL_Driver/Src/stm32f1xx_hal_cortex.o
                0x0800135a                HAL_SYSTICK_Config
 *fill*         0x08001372        0x2 
 .text.HAL_DMA_Init
                0x08001374       0xec ./Drivers/STM32F1xx_HAL_Driver/Src/stm32f1xx_hal_dma.o
                0x08001374                HAL_DMA_Init
 .text.HAL_DMA_Start_IT
                0x08001460       0xc0 ./Drivers/STM32F1xx_HAL_Driver/Src/stm32f1xx_hal_dma.o
                0x08001460                HAL_DMA_Start_IT
 .text.HAL_DMA_IRQHandler
                0x08001520      0x478 ./Drivers/STM32F1xx_HAL_Driver/Src/stm32f1xx_hal_dma.o
                0x08001520                HAL_DMA_IRQHandler
 .text.DMA_SetConfig
                0x08001998       0x5a ./Drivers/STM32F1xx_HAL_Driver/Src/stm32f1xx_hal_dma.o
 *fill*         0x080019f2        0x2 
 .text.HAL_GPIO_Init
                0x080019f4      0x328 ./Drivers/STM32F1xx_HAL_Driver/Src/stm32f1xx_hal_gpio.o
                0x080019f4                HAL_GPIO_Init
 .text.HAL_GPIO_WritePin
                0x08001d1c       0x30 ./Drivers/STM32F1xx_HAL_Driver/Src/stm32f1xx_hal_gpio.o
                0x08001d1c                HAL_GPIO_WritePin
 .text.HAL_RCC_OscConfig
                0x08001d4c      0x504 ./Drivers/STM32F1xx_HAL_Driver/Src/stm32f1xx_hal_rcc.o
                0x08001d4c                HAL_RCC_OscConfig
 .text.HAL_RCC_ClockConfig
                0x08002250      0x1d4 ./Drivers/STM32F1xx_HAL_Driver/Src/stm32f1xx_hal_rcc.o
                0x08002250                HAL_RCC_ClockConfig
 .text.HAL_RCC_GetSysClockFreq
                0x08002424       0xa8 ./Drivers/STM32F1xx_HAL_Driver/Src/stm32f1xx_hal_rcc.o
                0x08002424                HAL_RCC_GetSysClockFreq
 .text.HAL_RCC_GetHCLKFreq
                0x080024cc       0x14 ./Drivers/STM32F1xx_HAL_Driver/Src/stm32f1xx_hal_rcc.o
                0x080024cc                HAL_RCC_GetHCLKFreq
 .text.HAL_RCC_GetPCLK1Freq
                0x080024e0       0x28 ./Drivers/STM32F1xx_HAL_Driver/Src/stm32f1xx_hal_rcc.o
                0x080024e0                HAL_RCC_GetPCLK1Freq
 .text.HAL_RCC_GetPCLK2Freq
                0x08002508       0x28 ./Drivers/STM32F1xx_HAL_Driver/Src/stm32f1xx_hal_rcc.o
                0x08002508                HAL_RCC_GetPCLK2Freq
 .text.RCC_Delay
                0x08002530       0x3c ./Drivers/STM32F1xx_HAL_Driver/Src/stm32f1xx_hal_rcc.o
 .text.HAL_RCCEx_PeriphCLKConfig
                0x0800256c      0x16c ./Drivers/STM32F1xx_HAL_Driver/Src/stm32f1xx_hal_rcc_ex.o
                0x0800256c                HAL_RCCEx_PeriphCLKConfig
 .text.HAL_UART_Init
                0x080026d8       0xa0 ./Drivers/STM32F1xx_HAL_Driver/Src/stm32f1xx_hal_uart.o
                0x080026d8                HAL_UART_Init
 .text.UART_SetConfig
                0x08002778      0x11c ./Drivers/STM32F1xx_HAL_Driver/Src/stm32f1xx_hal_uart.o
 .text.IOHWAB_Task
                0x08002894        0xc ./IOHWAB/IOHWAB.o
                0x08002894                IOHWAB_Task
 .text.IOHWAB_Init
                0x080028a0       0x2c ./IOHWAB/IOHWAB.o
                0x080028a0                IOHWAB_Init
 .text.IOHWAB_GetSpHeatADCVolatage
                0x080028cc       0x18 ./IOHWAB/IOHWAB.o
                0x080028cc                IOHWAB_GetSpHeatADCVolatage
 .text.IOHWAB_GetSpPneuHorADCVolatage
                0x080028e4       0x18 ./IOHWAB/IOHWAB.o
                0x080028e4                IOHWAB_GetSpPneuHorADCVolatage
 .text.IOHWAB_GetSpPneuVerADCVolatage
                0x080028fc       0x18 ./IOHWAB/IOHWAB.o
                0x080028fc                IOHWAB_GetSpPneuVerADCVolatage
 .text.IOHWAB_GetSpMemoryADCVolatage
                0x08002914       0x18 ./IOHWAB/IOHWAB.o
                0x08002914                IOHWAB_GetSpMemoryADCVolatage
 .text.IOHWAB_GetSpTiltADCVolatage
                0x0800292c       0x18 ./IOHWAB/IOHWAB.o
                0x0800292c                IOHWAB_GetSpTiltADCVolatage
 .text.IOHWAB_GetSpBackRestADCVolatage
                0x08002944       0x18 ./IOHWAB/IOHWAB.o
                0x08002944                IOHWAB_GetSpBackRestADCVolatage
 .text.IOHWAB_GetSpHeightADCVolatage
                0x0800295c       0x18 ./IOHWAB/IOHWAB.o
                0x0800295c                IOHWAB_GetSpHeightADCVolatage
 .text.IOHWAB_GetSpSlideADCVolatage
                0x08002974       0x18 ./IOHWAB/IOHWAB.o
                0x08002974                IOHWAB_GetSpSlideADCVolatage
 .text.KbdDrv_GetAutReq
                0x0800298c       0x38 ./KbdDrv/KbdDrv.o
                0x0800298c                KbdDrv_GetAutReq
 .text.KbdDrv_GetManReq
                0x080029c4       0x38 ./KbdDrv/KbdDrv.o
                0x080029c4                KbdDrv_GetManReq
 .text.KbdDrv_Init
                0x080029fc       0x18 ./KbdDrv/KbdDrv.o
                0x080029fc                KbdDrv_Init
 .text.KbdDrv_Task
                0x08002a14      0x108 ./KbdDrv/KbdDrv.o
                0x08002a14                KbdDrv_Task
 .text.IsVoltageInRange
                0x08002b1c       0x36 ./KbdDrv/KbdDrv.o
 *fill*         0x08002b52        0x2 
 .text.ManAdj_Do
                0x08002b54       0x78 ./ManualAdjustment/ManualAdjustment.o
                0x08002b54                ManAdj_Do
 .text.SeatPosCtrl_Init
                0x08002bcc        0xc ./SeatPositionControl/SeatPositionControl.o
                0x08002bcc                SeatPosCtrl_Init
 .text.SeatPosCtrl_Task
                0x08002bd8       0x90 ./SeatPositionControl/SeatPositionControl.o
                0x08002bd8                SeatPosCtrl_Task
 .text.SeatPosCtrl_Move
                0x08002c68       0x90 ./SeatPositionControl/SeatPositionControl.o
                0x08002c68                SeatPosCtrl_Move
 .text.PosCtlr_StopAll
                0x08002cf8        0xc ./SeatPositionControl/SeatPositionControl.o
                0x08002cf8                PosCtlr_StopAll
 .text.Stm_Init
                0x08002d04       0x18 ./Seat_StateMngr/Seat_StateMngr.o
                0x08002d04                Stm_Init
 .text.Stm_Task
                0x08002d1c       0xbc ./Seat_StateMngr/Seat_StateMngr.o
                0x08002d1c                Stm_Task
 .text.Stm_Do_Idle
                0x08002dd8       0x3c ./Seat_StateMngr/Seat_StateMngr.o
 .text.Stm_Enter_AutoLocal
                0x08002e14       0x18 ./Seat_StateMngr/Seat_StateMngr.o
 .text.Stm_Do_AutoLocal
                0x08002e2c       0x3c ./Seat_StateMngr/Seat_StateMngr.o
 .text.Stm_Exit_AutoLocal
                0x08002e68       0x18 ./Seat_StateMngr/Seat_StateMngr.o
 .text.Stm_Enter_AutoRemote
                0x08002e80       0x18 ./Seat_StateMngr/Seat_StateMngr.o
 .text.Stm_Do_AutoRemote
                0x08002e98       0x3c ./Seat_StateMngr/Seat_StateMngr.o
 .text.Stm_Exit_AutoRemote
                0x08002ed4       0x28 ./Seat_StateMngr/Seat_StateMngr.o
 .text.Stm_Enter_Manual
                0x08002efc       0x18 ./Seat_StateMngr/Seat_StateMngr.o
 .text.Stm_Do_Manual
                0x08002f14       0x40 ./Seat_StateMngr/Seat_StateMngr.o
 .text.Stm_Exit_Manual
                0x08002f54       0x18 ./Seat_StateMngr/Seat_StateMngr.o
 .text.Stm_Enter_EmrgyStop
                0x08002f6c       0x18 ./Seat_StateMngr/Seat_StateMngr.o
 .text.Stm_Do_EmrgyStop
                0x08002f84       0x1c ./Seat_StateMngr/Seat_StateMngr.o
 .text.Stm_Exit_EmrgyStop
                0x08002fa0        0xc ./Seat_StateMngr/Seat_StateMngr.o
 .text.Stm_Enter_Diag
                0x08002fac        0xc ./Seat_StateMngr/Seat_StateMngr.o
 .text.Stm_Do_Diag
                0x08002fb8        0xc ./Seat_StateMngr/Seat_StateMngr.o
 .text.Stm_Exit_Diag
                0x08002fc4        0xc ./Seat_StateMngr/Seat_StateMngr.o
 .text.memset   0x08002fd0       0x10 C:/ST/STM32CubeIDE_1.17.0/STM32CubeIDE/plugins/com.st.stm32cube.ide.mcu.externaltools.gnu-tools-for-stm32.12.3.rel1.win32_1.1.0.202410251130/tools/bin/../lib/gcc/arm-none-eabi/12.3.1/../../../../arm-none-eabi/lib/thumb/v7-m/nofp\libc_nano.a(libc_a-memset.o)
                0x08002fd0                memset
 .text.__libc_init_array
                0x08002fe0       0x48 C:/ST/STM32CubeIDE_1.17.0/STM32CubeIDE/plugins/com.st.stm32cube.ide.mcu.externaltools.gnu-tools-for-stm32.12.3.rel1.win32_1.1.0.202410251130/tools/bin/../lib/gcc/arm-none-eabi/12.3.1/../../../../arm-none-eabi/lib/thumb/v7-m/nofp\libc_nano.a(libc_a-init.o)
                0x08002fe0                __libc_init_array
 *(.glue_7)
 .glue_7        0x08003028        0x0 linker stubs
 *(.glue_7t)
 .glue_7t       0x08003028        0x0 linker stubs
 *(.eh_frame)
 .eh_frame      0x08003028        0x0 C:/ST/STM32CubeIDE_1.17.0/STM32CubeIDE/plugins/com.st.stm32cube.ide.mcu.externaltools.gnu-tools-for-stm32.12.3.rel1.win32_1.1.0.202410251130/tools/bin/../lib/gcc/arm-none-eabi/12.3.1/thumb/v7-m/nofp/crtbegin.o
 *(.init)
 .init          0x08003028        0x4 C:/ST/STM32CubeIDE_1.17.0/STM32CubeIDE/plugins/com.st.stm32cube.ide.mcu.externaltools.gnu-tools-for-stm32.12.3.rel1.win32_1.1.0.202410251130/tools/bin/../lib/gcc/arm-none-eabi/12.3.1/thumb/v7-m/nofp/crti.o
                0x08003028                _init
 .init          0x0800302c        0x8 C:/ST/STM32CubeIDE_1.17.0/STM32CubeIDE/plugins/com.st.stm32cube.ide.mcu.externaltools.gnu-tools-for-stm32.12.3.rel1.win32_1.1.0.202410251130/tools/bin/../lib/gcc/arm-none-eabi/12.3.1/thumb/v7-m/nofp/crtn.o
 *(.fini)
 .fini          0x08003034        0x4 C:/ST/STM32CubeIDE_1.17.0/STM32CubeIDE/plugins/com.st.stm32cube.ide.mcu.externaltools.gnu-tools-for-stm32.12.3.rel1.win32_1.1.0.202410251130/tools/bin/../lib/gcc/arm-none-eabi/12.3.1/thumb/v7-m/nofp/crti.o
                0x08003034                _fini
 .fini          0x08003038        0x8 C:/ST/STM32CubeIDE_1.17.0/STM32CubeIDE/plugins/com.st.stm32cube.ide.mcu.externaltools.gnu-tools-for-stm32.12.3.rel1.win32_1.1.0.202410251130/tools/bin/../lib/gcc/arm-none-eabi/12.3.1/thumb/v7-m/nofp/crtn.o
                0x08003040                        . = ALIGN (0x4)
                0x08003040                        _etext = .

.vfp11_veneer   0x08003040        0x0
 .vfp11_veneer  0x08003040        0x0 linker stubs

.v4_bx          0x08003040        0x0
 .v4_bx         0x08003040        0x0 linker stubs

.iplt           0x08003040        0x0
 .iplt          0x08003040        0x0 C:/ST/STM32CubeIDE_1.17.0/STM32CubeIDE/plugins/com.st.stm32cube.ide.mcu.externaltools.gnu-tools-for-stm32.12.3.rel1.win32_1.1.0.202410251130/tools/bin/../lib/gcc/arm-none-eabi/12.3.1/thumb/v7-m/nofp/crtbegin.o

.rodata         0x08003040       0xc0
                0x08003040                        . = ALIGN (0x4)
 *(.rodata)
 .rodata        0x08003040       0x20 ./KbdDrv/KbdDrv.o
 *(.rodata*)
 .rodata.AHBPrescTable
                0x08003060       0x10 ./Core/Src/system_stm32f1xx.o
                0x08003060                AHBPrescTable
 .rodata.APBPrescTable
                0x08003070        0x8 ./Core/Src/system_stm32f1xx.o
                0x08003070                APBPrescTable
 .rodata.aPLLMULFactorTable.1
                0x08003078       0x10 ./Drivers/STM32F1xx_HAL_Driver/Src/stm32f1xx_hal_rcc.o
 .rodata.aPredivFactorTable.0
                0x08003088        0x2 ./Drivers/STM32F1xx_HAL_Driver/Src/stm32f1xx_hal_rcc.o
 *fill*         0x0800308a        0x2 
 .rodata.req    0x0800308c       0x20 ./ManualAdjustment/ManualAdjustment.o
 .rodata.stm_stm.0
                0x080030ac       0x54 ./Seat_StateMngr/Seat_StateMngr.o
                0x08003100                        . = ALIGN (0x4)

.ARM.extab      0x08003100        0x0
                0x08003100                        . = ALIGN (0x4)
 *(.ARM.extab* .gnu.linkonce.armextab.*)
                0x08003100                        . = ALIGN (0x4)

.ARM            0x08003100        0x0
                0x08003100                        . = ALIGN (0x4)
                0x08003100                        __exidx_start = .
 *(.ARM.exidx*)
                0x08003100                        __exidx_end = .
                0x08003100                        . = ALIGN (0x4)

.preinit_array  0x08003100        0x0
                0x08003100                        . = ALIGN (0x4)
                0x08003100                        PROVIDE (__preinit_array_start = .)
 *(.preinit_array*)
                0x08003100                        PROVIDE (__preinit_array_end = .)
                0x08003100                        . = ALIGN (0x4)

.init_array     0x08003100        0x4
                0x08003100                        . = ALIGN (0x4)
                0x08003100                        PROVIDE (__init_array_start = .)
 *(SORT_BY_NAME(.init_array.*))
 *(.init_array*)
 .init_array    0x08003100        0x4 C:/ST/STM32CubeIDE_1.17.0/STM32CubeIDE/plugins/com.st.stm32cube.ide.mcu.externaltools.gnu-tools-for-stm32.12.3.rel1.win32_1.1.0.202410251130/tools/bin/../lib/gcc/arm-none-eabi/12.3.1/thumb/v7-m/nofp/crtbegin.o
                0x08003104                        PROVIDE (__init_array_end = .)
                0x08003104                        . = ALIGN (0x4)

.fini_array     0x08003104        0x4
                0x08003104                        . = ALIGN (0x4)
                [!provide]                        PROVIDE (__fini_array_start = .)
 *(SORT_BY_NAME(.fini_array.*))
 *(.fini_array*)
 .fini_array    0x08003104        0x4 C:/ST/STM32CubeIDE_1.17.0/STM32CubeIDE/plugins/com.st.stm32cube.ide.mcu.externaltools.gnu-tools-for-stm32.12.3.rel1.win32_1.1.0.202410251130/tools/bin/../lib/gcc/arm-none-eabi/12.3.1/thumb/v7-m/nofp/crtbegin.o
                [!provide]                        PROVIDE (__fini_array_end = .)
                0x08003108                        . = ALIGN (0x4)
                0x08003108                        _sidata = LOADADDR (.data)

.rel.dyn        0x08003108        0x0
 .rel.iplt      0x08003108        0x0 C:/ST/STM32CubeIDE_1.17.0/STM32CubeIDE/plugins/com.st.stm32cube.ide.mcu.externaltools.gnu-tools-for-stm32.12.3.rel1.win32_1.1.0.202410251130/tools/bin/../lib/gcc/arm-none-eabi/12.3.1/thumb/v7-m/nofp/crtbegin.o

.data           0x20000000       0x6c load address 0x08003108
                0x20000000                        . = ALIGN (0x4)
                0x20000000                        _sdata = .
 *(.data)
 *(.data*)
 .data.SystemCoreClock
                0x20000000        0x4 ./Core/Src/system_stm32f1xx.o
                0x20000000                SystemCoreClock
 .data.uwTickPrio
                0x20000004        0x4 ./Drivers/STM32F1xx_HAL_Driver/Src/stm32f1xx_hal.o
                0x20000004                uwTickPrio
 .data.uwTickFreq
                0x20000008        0x1 ./Drivers/STM32F1xx_HAL_Driver/Src/stm32f1xx_hal.o
                0x20000008                uwTickFreq
 *fill*         0x20000009        0x3 
 .data.swithcCfg
                0x2000000c       0x60 ./KbdDrv/KbdDrv.o
 *(.RamFunc)
 *(.RamFunc*)
                0x2000006c                        . = ALIGN (0x4)
                0x2000006c                        _edata = .

.igot.plt       0x2000006c        0x0 load address 0x08003174
 .igot.plt      0x2000006c        0x0 C:/ST/STM32CubeIDE_1.17.0/STM32CubeIDE/plugins/com.st.stm32cube.ide.mcu.externaltools.gnu-tools-for-stm32.12.3.rel1.win32_1.1.0.202410251130/tools/bin/../lib/gcc/arm-none-eabi/12.3.1/thumb/v7-m/nofp/crtbegin.o
                0x2000006c                        . = ALIGN (0x4)

.bss            0x2000006c      0x130 load address 0x08003174
                0x2000006c                        _sbss = .
                0x2000006c                        __bss_start__ = _sbss
 *(.bss)
 .bss           0x2000006c       0x1c C:/ST/STM32CubeIDE_1.17.0/STM32CubeIDE/plugins/com.st.stm32cube.ide.mcu.externaltools.gnu-tools-for-stm32.12.3.rel1.win32_1.1.0.202410251130/tools/bin/../lib/gcc/arm-none-eabi/12.3.1/thumb/v7-m/nofp/crtbegin.o
 *(.bss*)
 .bss.main1msFlag
                0x20000088        0x1 ./Core/Src/main.o
                0x20000088                main1msFlag
 .bss.main10msTickTout
                0x20000089        0x1 ./Core/Src/main.o
                0x20000089                main10msTickTout
 *fill*         0x2000008a        0x2 
 .bss.hadc1     0x2000008c       0x30 ./Core/Src/main.o
                0x2000008c                hadc1
 .bss.hdma_adc1
                0x200000bc       0x44 ./Core/Src/main.o
                0x200000bc                hdma_adc1
 .bss.huart3    0x20000100       0x48 ./Core/Src/main.o
                0x20000100                huart3
 .bss.uwTick    0x20000148        0x4 ./Drivers/STM32F1xx_HAL_Driver/Src/stm32f1xx_hal.o
                0x20000148                uwTick
 .bss.ADC_Val   0x2000014c       0x10 ./IOHWAB/IOHWAB.o
                0x2000014c                ADC_Val
 .bss.switchesState
                0x2000015c        0x2 ./KbdDrv/KbdDrv.o
                0x2000015c                switchesState
 *fill*         0x2000015e        0x2 
 .bss.lineVoltage
                0x20000160       0x10 ./KbdDrv/KbdDrv.o
 .bss.previousReq.0
                0x20000170        0x1 ./ManualAdjustment/ManualAdjustment.o
 *fill*         0x20000171        0x3 
 .bss.axis      0x20000174       0x18 ./SeatPositionControl/SeatPositionControl.o
 .bss.axisId    0x2000018c        0x2 ./SeatPositionControl/SeatPositionControl.o
 *fill*         0x2000018e        0x2 
 .bss.motDir    0x20000190        0x6 ./SeatPositionControl/SeatPositionControl.o
 .bss.stm_state
                0x20000196        0x1 ./Seat_StateMngr/Seat_StateMngr.o
 *fill*         0x20000197        0x1 
 .bss.Tout      0x20000198        0x2 ./Seat_StateMngr/Seat_StateMngr.o
                0x20000198                Tout
 .bss.stmOldState.1
                0x2000019a        0x1 ./Seat_StateMngr/Seat_StateMngr.o
 *(COMMON)
                0x2000019c                        . = ALIGN (0x4)
 *fill*         0x2000019b        0x1 
                0x2000019c                        _ebss = .
                0x2000019c                        __bss_end__ = _ebss

._user_heap_stack
                0x2000019c      0x604 load address 0x08003174
                0x200001a0                        . = ALIGN (0x8)
 *fill*         0x2000019c        0x4 
                [!provide]                        PROVIDE (end = .)
                0x200001a0                        PROVIDE (_end = .)
                0x200003a0                        . = (. + _Min_Heap_Size)
 *fill*         0x200001a0      0x200 
                0x200007a0                        . = (. + _Min_Stack_Size)
 *fill*         0x200003a0      0x400 
                0x200007a0                        . = ALIGN (0x8)

/DISCARD/
 libc.a(*)
 libm.a(*)
 libgcc.a(*)

.ARM.attributes
                0x00000000       0x29
 *(.ARM.attributes)
 .ARM.attributes
                0x00000000       0x1d C:/ST/STM32CubeIDE_1.17.0/STM32CubeIDE/plugins/com.st.stm32cube.ide.mcu.externaltools.gnu-tools-for-stm32.12.3.rel1.win32_1.1.0.202410251130/tools/bin/../lib/gcc/arm-none-eabi/12.3.1/thumb/v7-m/nofp/crti.o
 .ARM.attributes
                0x0000001d       0x2d C:/ST/STM32CubeIDE_1.17.0/STM32CubeIDE/plugins/com.st.stm32cube.ide.mcu.externaltools.gnu-tools-for-stm32.12.3.rel1.win32_1.1.0.202410251130/tools/bin/../lib/gcc/arm-none-eabi/12.3.1/thumb/v7-m/nofp/crtbegin.o
 .ARM.attributes
                0x0000004a       0x2d ./Core/Src/main.o
 .ARM.attributes
                0x00000077       0x2d ./Core/Src/stm32f1xx_hal_msp.o
 .ARM.attributes
                0x000000a4       0x2d ./Core/Src/stm32f1xx_it.o
 .ARM.attributes
                0x000000d1       0x2d ./Core/Src/system_stm32f1xx.o
 .ARM.attributes
                0x000000fe       0x21 ./Core/Startup/startup_stm32f103rctx.o
 .ARM.attributes
                0x0000011f       0x2d ./Drivers/STM32F1xx_HAL_Driver/Src/stm32f1xx_hal.o
 .ARM.attributes
                0x0000014c       0x2d ./Drivers/STM32F1xx_HAL_Driver/Src/stm32f1xx_hal_adc.o
 .ARM.attributes
                0x00000179       0x2d ./Drivers/STM32F1xx_HAL_Driver/Src/stm32f1xx_hal_cortex.o
 .ARM.attributes
                0x000001a6       0x2d ./Drivers/STM32F1xx_HAL_Driver/Src/stm32f1xx_hal_dma.o
 .ARM.attributes
                0x000001d3       0x2d ./Drivers/STM32F1xx_HAL_Driver/Src/stm32f1xx_hal_gpio.o
 .ARM.attributes
                0x00000200       0x2d ./Drivers/STM32F1xx_HAL_Driver/Src/stm32f1xx_hal_rcc.o
 .ARM.attributes
                0x0000022d       0x2d ./Drivers/STM32F1xx_HAL_Driver/Src/stm32f1xx_hal_rcc_ex.o
 .ARM.attributes
                0x0000025a       0x2d ./Drivers/STM32F1xx_HAL_Driver/Src/stm32f1xx_hal_uart.o
 .ARM.attributes
                0x00000287       0x2d ./IOHWAB/IOHWAB.o
 .ARM.attributes
                0x000002b4       0x2d ./KbdDrv/KbdDrv.o
 .ARM.attributes
                0x000002e1       0x2d ./ManualAdjustment/ManualAdjustment.o
 .ARM.attributes
                0x0000030e       0x2d ./SeatPositionControl/SeatPositionControl.o
 .ARM.attributes
                0x0000033b       0x2d ./Seat_StateMngr/Seat_StateMngr.o
 .ARM.attributes
                0x00000368       0x2d C:/ST/STM32CubeIDE_1.17.0/STM32CubeIDE/plugins/com.st.stm32cube.ide.mcu.externaltools.gnu-tools-for-stm32.12.3.rel1.win32_1.1.0.202410251130/tools/bin/../lib/gcc/arm-none-eabi/12.3.1/../../../../arm-none-eabi/lib/thumb/v7-m/nofp\libc_nano.a(libc_a-memset.o)
 .ARM.attributes
                0x00000395       0x2d C:/ST/STM32CubeIDE_1.17.0/STM32CubeIDE/plugins/com.st.stm32cube.ide.mcu.externaltools.gnu-tools-for-stm32.12.3.rel1.win32_1.1.0.202410251130/tools/bin/../lib/gcc/arm-none-eabi/12.3.1/../../../../arm-none-eabi/lib/thumb/v7-m/nofp\libc_nano.a(libc_a-init.o)
 .ARM.attributes
                0x000003c2       0x1d C:/ST/STM32CubeIDE_1.17.0/STM32CubeIDE/plugins/com.st.stm32cube.ide.mcu.externaltools.gnu-tools-for-stm32.12.3.rel1.win32_1.1.0.202410251130/tools/bin/../lib/gcc/arm-none-eabi/12.3.1/thumb/v7-m/nofp/crtn.o
OUTPUT(PSM.elf elf32-littlearm)
LOAD linker stubs
LOAD C:/ST/STM32CubeIDE_1.17.0/STM32CubeIDE/plugins/com.st.stm32cube.ide.mcu.externaltools.gnu-tools-for-stm32.12.3.rel1.win32_1.1.0.202410251130/tools/bin/../lib/gcc/arm-none-eabi/12.3.1/../../../../arm-none-eabi/lib/thumb/v7-m/nofp\libc.a
LOAD C:/ST/STM32CubeIDE_1.17.0/STM32CubeIDE/plugins/com.st.stm32cube.ide.mcu.externaltools.gnu-tools-for-stm32.12.3.rel1.win32_1.1.0.202410251130/tools/bin/../lib/gcc/arm-none-eabi/12.3.1/../../../../arm-none-eabi/lib/thumb/v7-m/nofp\libm.a
LOAD C:/ST/STM32CubeIDE_1.17.0/STM32CubeIDE/plugins/com.st.stm32cube.ide.mcu.externaltools.gnu-tools-for-stm32.12.3.rel1.win32_1.1.0.202410251130/tools/bin/../lib/gcc/arm-none-eabi/12.3.1/thumb/v7-m/nofp\libgcc.a

.debug_info     0x00000000     0x9951
 .debug_info    0x00000000      0xfab ./Core/Src/main.o
 .debug_info    0x00000fab      0xb26 ./Core/Src/stm32f1xx_hal_msp.o
 .debug_info    0x00001ad1      0x35e ./Core/Src/stm32f1xx_it.o
 .debug_info    0x00001e2f      0x222 ./Core/Src/system_stm32f1xx.o
 .debug_info    0x00002051       0x30 ./Core/Startup/startup_stm32f103rctx.o
 .debug_info    0x00002081      0x777 ./Drivers/STM32F1xx_HAL_Driver/Src/stm32f1xx_hal.o
 .debug_info    0x000027f8      0xc50 ./Drivers/STM32F1xx_HAL_Driver/Src/stm32f1xx_hal_adc.o
 .debug_info    0x00003448      0xaed ./Drivers/STM32F1xx_HAL_Driver/Src/stm32f1xx_hal_cortex.o
 .debug_info    0x00003f35      0x6d2 ./Drivers/STM32F1xx_HAL_Driver/Src/stm32f1xx_hal_dma.o
 .debug_info    0x00004607      0x5ab ./Drivers/STM32F1xx_HAL_Driver/Src/stm32f1xx_hal_gpio.o
 .debug_info    0x00004bb2      0x7d5 ./Drivers/STM32F1xx_HAL_Driver/Src/stm32f1xx_hal_rcc.o
 .debug_info    0x00005387      0x3e9 ./Drivers/STM32F1xx_HAL_Driver/Src/stm32f1xx_hal_rcc_ex.o
 .debug_info    0x00005770     0x2eed ./Drivers/STM32F1xx_HAL_Driver/Src/stm32f1xx_hal_uart.o
 .debug_info    0x0000865d      0x728 ./IOHWAB/IOHWAB.o
 .debug_info    0x00008d85      0x35a ./KbdDrv/KbdDrv.o
 .debug_info    0x000090df      0x276 ./ManualAdjustment/ManualAdjustment.o
 .debug_info    0x00009355      0x2af ./SeatPositionControl/SeatPositionControl.o
 .debug_info    0x00009604      0x34d ./Seat_StateMngr/Seat_StateMngr.o

.debug_abbrev   0x00000000     0x2101
 .debug_abbrev  0x00000000      0x2a9 ./Core/Src/main.o
 .debug_abbrev  0x000002a9      0x1ea ./Core/Src/stm32f1xx_hal_msp.o
 .debug_abbrev  0x00000493      0x16e ./Core/Src/stm32f1xx_it.o
 .debug_abbrev  0x00000601      0x13f ./Core/Src/system_stm32f1xx.o
 .debug_abbrev  0x00000740       0x24 ./Core/Startup/startup_stm32f103rctx.o
 .debug_abbrev  0x00000764      0x214 ./Drivers/STM32F1xx_HAL_Driver/Src/stm32f1xx_hal.o
 .debug_abbrev  0x00000978      0x225 ./Drivers/STM32F1xx_HAL_Driver/Src/stm32f1xx_hal_adc.o
 .debug_abbrev  0x00000b9d      0x2f8 ./Drivers/STM32F1xx_HAL_Driver/Src/stm32f1xx_hal_cortex.o
 .debug_abbrev  0x00000e95      0x20b ./Drivers/STM32F1xx_HAL_Driver/Src/stm32f1xx_hal_dma.o
 .debug_abbrev  0x000010a0      0x1ca ./Drivers/STM32F1xx_HAL_Driver/Src/stm32f1xx_hal_gpio.o
 .debug_abbrev  0x0000126a      0x2b3 ./Drivers/STM32F1xx_HAL_Driver/Src/stm32f1xx_hal_rcc.o
 .debug_abbrev  0x0000151d      0x188 ./Drivers/STM32F1xx_HAL_Driver/Src/stm32f1xx_hal_rcc_ex.o
 .debug_abbrev  0x000016a5      0x2f8 ./Drivers/STM32F1xx_HAL_Driver/Src/stm32f1xx_hal_uart.o
 .debug_abbrev  0x0000199d      0x1f7 ./IOHWAB/IOHWAB.o
 .debug_abbrev  0x00001b94      0x17c ./KbdDrv/KbdDrv.o
 .debug_abbrev  0x00001d10      0x14d ./ManualAdjustment/ManualAdjustment.o
 .debug_abbrev  0x00001e5d      0x132 ./SeatPositionControl/SeatPositionControl.o
 .debug_abbrev  0x00001f8f      0x172 ./Seat_StateMngr/Seat_StateMngr.o

.debug_aranges  0x00000000      0x9a8
 .debug_aranges
                0x00000000       0x58 ./Core/Src/main.o
 .debug_aranges
                0x00000058       0x40 ./Core/Src/stm32f1xx_hal_msp.o
 .debug_aranges
                0x00000098       0x68 ./Core/Src/stm32f1xx_it.o
 .debug_aranges
                0x00000100       0x28 ./Core/Src/system_stm32f1xx.o
 .debug_aranges
                0x00000128       0x28 ./Core/Startup/startup_stm32f103rctx.o
 .debug_aranges
                0x00000150       0xe0 ./Drivers/STM32F1xx_HAL_Driver/Src/stm32f1xx_hal.o
 .debug_aranges
                0x00000230       0xf0 ./Drivers/STM32F1xx_HAL_Driver/Src/stm32f1xx_hal_adc.o
 .debug_aranges
                0x00000320      0x100 ./Drivers/STM32F1xx_HAL_Driver/Src/stm32f1xx_hal_cortex.o
 .debug_aranges
                0x00000420       0x80 ./Drivers/STM32F1xx_HAL_Driver/Src/stm32f1xx_hal_dma.o
 .debug_aranges
                0x000004a0       0x58 ./Drivers/STM32F1xx_HAL_Driver/Src/stm32f1xx_hal_gpio.o
 .debug_aranges
                0x000004f8       0x90 ./Drivers/STM32F1xx_HAL_Driver/Src/stm32f1xx_hal_rcc.o
 .debug_aranges
                0x00000588       0x30 ./Drivers/STM32F1xx_HAL_Driver/Src/stm32f1xx_hal_rcc_ex.o
 .debug_aranges
                0x000005b8      0x208 ./Drivers/STM32F1xx_HAL_Driver/Src/stm32f1xx_hal_uart.o
 .debug_aranges
                0x000007c0       0x88 ./IOHWAB/IOHWAB.o
 .debug_aranges
                0x00000848       0x40 ./KbdDrv/KbdDrv.o
 .debug_aranges
                0x00000888       0x38 ./ManualAdjustment/ManualAdjustment.o
 .debug_aranges
                0x000008c0       0x40 ./SeatPositionControl/SeatPositionControl.o
 .debug_aranges
                0x00000900       0xa8 ./Seat_StateMngr/Seat_StateMngr.o

.debug_rnglists
                0x00000000      0x74a
 .debug_rnglists
                0x00000000       0x40 ./Core/Src/main.o
 .debug_rnglists
                0x00000040       0x2d ./Core/Src/stm32f1xx_hal_msp.o
 .debug_rnglists
                0x0000006d       0x49 ./Core/Src/stm32f1xx_it.o
 .debug_rnglists
                0x000000b6       0x1a ./Core/Src/system_stm32f1xx.o
 .debug_rnglists
                0x000000d0       0x19 ./Core/Startup/startup_stm32f103rctx.o
 .debug_rnglists
                0x000000e9       0xa3 ./Drivers/STM32F1xx_HAL_Driver/Src/stm32f1xx_hal.o
 .debug_rnglists
                0x0000018c       0xbc ./Drivers/STM32F1xx_HAL_Driver/Src/stm32f1xx_hal_adc.o
 .debug_rnglists
                0x00000248       0xbb ./Drivers/STM32F1xx_HAL_Driver/Src/stm32f1xx_hal_cortex.o
 .debug_rnglists
                0x00000303       0x64 ./Drivers/STM32F1xx_HAL_Driver/Src/stm32f1xx_hal_dma.o
 .debug_rnglists
                0x00000367       0x3f ./Drivers/STM32F1xx_HAL_Driver/Src/stm32f1xx_hal_gpio.o
 .debug_rnglists
                0x000003a6       0x6c ./Drivers/STM32F1xx_HAL_Driver/Src/stm32f1xx_hal_rcc.o
 .debug_rnglists
                0x00000412       0x22 ./Drivers/STM32F1xx_HAL_Driver/Src/stm32f1xx_hal_rcc_ex.o
 .debug_rnglists
                0x00000434      0x1bc ./Drivers/STM32F1xx_HAL_Driver/Src/stm32f1xx_hal_uart.o
 .debug_rnglists
                0x000005f0       0x61 ./IOHWAB/IOHWAB.o
 .debug_rnglists
                0x00000651       0x2c ./KbdDrv/KbdDrv.o
 .debug_rnglists
                0x0000067d       0x25 ./ManualAdjustment/ManualAdjustment.o
 .debug_rnglists
                0x000006a2       0x2e ./SeatPositionControl/SeatPositionControl.o
 .debug_rnglists
                0x000006d0       0x7a ./Seat_StateMngr/Seat_StateMngr.o

.debug_macro    0x00000000    0x18e44
 .debug_macro   0x00000000      0x1e2 ./Core/Src/main.o
 .debug_macro   0x000001e2      0xaa8 ./Core/Src/main.o
 .debug_macro   0x00000c8a      0x221 ./Core/Src/main.o
 .debug_macro   0x00000eab       0x2e ./Core/Src/main.o
 .debug_macro   0x00000ed9       0x22 ./Core/Src/main.o
 .debug_macro   0x00000efb       0x22 ./Core/Src/main.o
 .debug_macro   0x00000f1d       0x8e ./Core/Src/main.o
 .debug_macro   0x00000fab       0x51 ./Core/Src/main.o
 .debug_macro   0x00000ffc      0x103 ./Core/Src/main.o
 .debug_macro   0x000010ff       0x6a ./Core/Src/main.o
 .debug_macro   0x00001169      0x1df ./Core/Src/main.o
 .debug_macro   0x00001348       0x1c ./Core/Src/main.o
 .debug_macro   0x00001364       0x22 ./Core/Src/main.o
 .debug_macro   0x00001386       0xbd ./Core/Src/main.o
 .debug_macro   0x00001443      0xd23 ./Core/Src/main.o
 .debug_macro   0x00002166     0xfd8c ./Core/Src/main.o
 .debug_macro   0x00011ef2       0x6d ./Core/Src/main.o
 .debug_macro   0x00011f5f     0x34a2 ./Core/Src/main.o
 .debug_macro   0x00015401      0x189 ./Core/Src/main.o
 .debug_macro   0x0001558a       0x5c ./Core/Src/main.o
 .debug_macro   0x000155e6      0x5bc ./Core/Src/main.o
 .debug_macro   0x00015ba2      0x4d5 ./Core/Src/main.o
 .debug_macro   0x00016077      0x1cb ./Core/Src/main.o
 .debug_macro   0x00016242      0x114 ./Core/Src/main.o
 .debug_macro   0x00016356      0x1ea ./Core/Src/main.o
 .debug_macro   0x00016540       0x27 ./Core/Src/main.o
 .debug_macro   0x00016567      0x144 ./Core/Src/main.o
 .debug_macro   0x000166ab      0x1bc ./Core/Src/main.o
 .debug_macro   0x00016867       0x30 ./Core/Src/main.o
 .debug_macro   0x00016897       0x3c ./Core/Src/main.o
 .debug_macro   0x000168d3       0x57 ./Core/Src/main.o
 .debug_macro   0x0001692a      0x46a ./Core/Src/main.o
 .debug_macro   0x00016d94      0x25d ./Core/Src/main.o
 .debug_macro   0x00016ff1       0x87 ./Core/Src/main.o
 .debug_macro   0x00017078      0x24f ./Core/Src/main.o
 .debug_macro   0x000172c7      0x140 ./Core/Src/main.o
 .debug_macro   0x00017407      0x28e ./Core/Src/main.o
 .debug_macro   0x00017695       0xb5 ./Core/Src/main.o
 .debug_macro   0x0001774a       0x40 ./Core/Src/main.o
 .debug_macro   0x0001778a       0x22 ./Core/Src/main.o
 .debug_macro   0x000177ac      0x1b1 ./Core/Src/stm32f1xx_hal_msp.o
 .debug_macro   0x0001795d      0x1bb ./Core/Src/stm32f1xx_it.o
 .debug_macro   0x00017b18      0x1a2 ./Core/Src/system_stm32f1xx.o
 .debug_macro   0x00017cba      0x1c6 ./Drivers/STM32F1xx_HAL_Driver/Src/stm32f1xx_hal.o
 .debug_macro   0x00017e80      0x1bf ./Drivers/STM32F1xx_HAL_Driver/Src/stm32f1xx_hal_adc.o
 .debug_macro   0x0001803f      0x1a2 ./Drivers/STM32F1xx_HAL_Driver/Src/stm32f1xx_hal_cortex.o
 .debug_macro   0x000181e1      0x1a2 ./Drivers/STM32F1xx_HAL_Driver/Src/stm32f1xx_hal_dma.o
 .debug_macro   0x00018383      0x20d ./Drivers/STM32F1xx_HAL_Driver/Src/stm32f1xx_hal_gpio.o
 .debug_macro   0x00018590      0x1b4 ./Drivers/STM32F1xx_HAL_Driver/Src/stm32f1xx_hal_rcc.o
 .debug_macro   0x00018744      0x1a2 ./Drivers/STM32F1xx_HAL_Driver/Src/stm32f1xx_hal_rcc_ex.o
 .debug_macro   0x000188e6      0x1a3 ./Drivers/STM32F1xx_HAL_Driver/Src/stm32f1xx_hal_uart.o
 .debug_macro   0x00018a89      0x1f7 ./IOHWAB/IOHWAB.o
 .debug_macro   0x00018c80       0x28 ./IOHWAB/IOHWAB.o
 .debug_macro   0x00018ca8       0x10 ./IOHWAB/IOHWAB.o
 .debug_macro   0x00018cb8       0x47 ./KbdDrv/KbdDrv.o
 .debug_macro   0x00018cff       0x1c ./KbdDrv/KbdDrv.o
 .debug_macro   0x00018d1b       0x4b ./ManualAdjustment/ManualAdjustment.o
 .debug_macro   0x00018d66       0x16 ./ManualAdjustment/ManualAdjustment.o
 .debug_macro   0x00018d7c       0x37 ./SeatPositionControl/SeatPositionControl.o
 .debug_macro   0x00018db3       0x10 ./SeatPositionControl/SeatPositionControl.o
 .debug_macro   0x00018dc3       0x5f ./Seat_StateMngr/Seat_StateMngr.o
 .debug_macro   0x00018e22       0x22 ./Seat_StateMngr/Seat_StateMngr.o

.debug_line     0x00000000     0xb39e
 .debug_line    0x00000000      0x988 ./Core/Src/main.o
 .debug_line    0x00000988      0x7c9 ./Core/Src/stm32f1xx_hal_msp.o
 .debug_line    0x00001151      0x7da ./Core/Src/stm32f1xx_it.o
 .debug_line    0x0000192b      0x77b ./Core/Src/system_stm32f1xx.o
 .debug_line    0x000020a6       0x79 ./Core/Startup/startup_stm32f103rctx.o
 .debug_line    0x0000211f      0x9ab ./Drivers/STM32F1xx_HAL_Driver/Src/stm32f1xx_hal.o
 .debug_line    0x00002aca     0x103b ./Drivers/STM32F1xx_HAL_Driver/Src/stm32f1xx_hal_adc.o
 .debug_line    0x00003b05      0xb94 ./Drivers/STM32F1xx_HAL_Driver/Src/stm32f1xx_hal_cortex.o
 .debug_line    0x00004699     0x12d3 ./Drivers/STM32F1xx_HAL_Driver/Src/stm32f1xx_hal_dma.o
 .debug_line    0x0000596c      0xa69 ./Drivers/STM32F1xx_HAL_Driver/Src/stm32f1xx_hal_gpio.o
 .debug_line    0x000063d5      0xdb1 ./Drivers/STM32F1xx_HAL_Driver/Src/stm32f1xx_hal_rcc.o
 .debug_line    0x00007186      0x90c ./Drivers/STM32F1xx_HAL_Driver/Src/stm32f1xx_hal_rcc_ex.o
 .debug_line    0x00007a92     0x2887 ./Drivers/STM32F1xx_HAL_Driver/Src/stm32f1xx_hal_uart.o
 .debug_line    0x0000a319      0x838 ./IOHWAB/IOHWAB.o
 .debug_line    0x0000ab51      0x192 ./KbdDrv/KbdDrv.o
 .debug_line    0x0000ace3      0x18e ./ManualAdjustment/ManualAdjustment.o
 .debug_line    0x0000ae71      0x1d6 ./SeatPositionControl/SeatPositionControl.o
 .debug_line    0x0000b047      0x357 ./Seat_StateMngr/Seat_StateMngr.o

.debug_str      0x00000000    0x9334f
 .debug_str     0x00000000    0x90933 ./Core/Src/main.o
                              0x90e6d (size before relaxing)
 .debug_str     0x00090933       0xd7 ./Core/Src/stm32f1xx_hal_msp.o
                              0x90745 (size before relaxing)
 .debug_str     0x00090a0a       0xf5 ./Core/Src/stm32f1xx_it.o
                              0x90336 (size before relaxing)
 .debug_str     0x00090aff       0x7e ./Core/Src/system_stm32f1xx.o
                              0x90035 (size before relaxing)
 .debug_str     0x00090b7d       0x44 ./Core/Startup/startup_stm32f103rctx.o
                                 0x75 (size before relaxing)
 .debug_str     0x00090bc1      0x38e ./Drivers/STM32F1xx_HAL_Driver/Src/stm32f1xx_hal.o
                              0x90858 (size before relaxing)
 .debug_str     0x00090f4f      0x393 ./Drivers/STM32F1xx_HAL_Driver/Src/stm32f1xx_hal_adc.o
                              0x90719 (size before relaxing)
 .debug_str     0x000912e2      0x2a8 ./Drivers/STM32F1xx_HAL_Driver/Src/stm32f1xx_hal_cortex.o
                              0x90798 (size before relaxing)
 .debug_str     0x0009158a      0x1e7 ./Drivers/STM32F1xx_HAL_Driver/Src/stm32f1xx_hal_dma.o
                              0x903de (size before relaxing)
 .debug_str     0x00091771      0x2e1 ./Drivers/STM32F1xx_HAL_Driver/Src/stm32f1xx_hal_gpio.o
                              0x903bb (size before relaxing)
 .debug_str     0x00091a52      0x229 ./Drivers/STM32F1xx_HAL_Driver/Src/stm32f1xx_hal_rcc.o
                              0x90464 (size before relaxing)
 .debug_str     0x00091c7b       0x84 ./Drivers/STM32F1xx_HAL_Driver/Src/stm32f1xx_hal_rcc_ex.o
                              0x901f2 (size before relaxing)
 .debug_str     0x00091cff      0x618 ./Drivers/STM32F1xx_HAL_Driver/Src/stm32f1xx_hal_uart.o
                              0x90ad5 (size before relaxing)
 .debug_str     0x00092317      0x1f0 ./IOHWAB/IOHWAB.o
                              0x90654 (size before relaxing)
 .debug_str     0x00092507      0x7f2 ./KbdDrv/KbdDrv.o
                               0x374a (size before relaxing)
 .debug_str     0x00092cf9      0x27b ./ManualAdjustment/ManualAdjustment.o
                               0x3237 (size before relaxing)
 .debug_str     0x00092f74      0x13c ./SeatPositionControl/SeatPositionControl.o
                               0x3084 (size before relaxing)
 .debug_str     0x000930b0      0x29f ./Seat_StateMngr/Seat_StateMngr.o
                               0x3195 (size before relaxing)

.comment        0x00000000       0x43
 .comment       0x00000000       0x43 ./Core/Src/main.o
                                 0x44 (size before relaxing)
 .comment       0x00000043       0x44 ./Core/Src/stm32f1xx_hal_msp.o
 .comment       0x00000043       0x44 ./Core/Src/stm32f1xx_it.o
 .comment       0x00000043       0x44 ./Core/Src/system_stm32f1xx.o
 .comment       0x00000043       0x44 ./Drivers/STM32F1xx_HAL_Driver/Src/stm32f1xx_hal.o
 .comment       0x00000043       0x44 ./Drivers/STM32F1xx_HAL_Driver/Src/stm32f1xx_hal_adc.o
 .comment       0x00000043       0x44 ./Drivers/STM32F1xx_HAL_Driver/Src/stm32f1xx_hal_cortex.o
 .comment       0x00000043       0x44 ./Drivers/STM32F1xx_HAL_Driver/Src/stm32f1xx_hal_dma.o
 .comment       0x00000043       0x44 ./Drivers/STM32F1xx_HAL_Driver/Src/stm32f1xx_hal_gpio.o
 .comment       0x00000043       0x44 ./Drivers/STM32F1xx_HAL_Driver/Src/stm32f1xx_hal_rcc.o
 .comment       0x00000043       0x44 ./Drivers/STM32F1xx_HAL_Driver/Src/stm32f1xx_hal_rcc_ex.o
 .comment       0x00000043       0x44 ./Drivers/STM32F1xx_HAL_Driver/Src/stm32f1xx_hal_uart.o
 .comment       0x00000043       0x44 ./IOHWAB/IOHWAB.o
 .comment       0x00000043       0x44 ./KbdDrv/KbdDrv.o
 .comment       0x00000043       0x44 ./ManualAdjustment/ManualAdjustment.o
 .comment       0x00000043       0x44 ./SeatPositionControl/SeatPositionControl.o
 .comment       0x00000043       0x44 ./Seat_StateMngr/Seat_StateMngr.o

.debug_frame    0x00000000     0x246c
 .debug_frame   0x00000000      0x10c ./Core/Src/main.o
 .debug_frame   0x0000010c       0xc8 ./Core/Src/stm32f1xx_hal_msp.o
 .debug_frame   0x000001d4      0x120 ./Core/Src/stm32f1xx_it.o
 .debug_frame   0x000002f4       0x58 ./Core/Src/system_stm32f1xx.o
 .debug_frame   0x0000034c      0x334 ./Drivers/STM32F1xx_HAL_Driver/Src/stm32f1xx_hal.o
 .debug_frame   0x00000680      0x40c ./Drivers/STM32F1xx_HAL_Driver/Src/stm32f1xx_hal_adc.o
 .debug_frame   0x00000a8c      0x428 ./Drivers/STM32F1xx_HAL_Driver/Src/stm32f1xx_hal_cortex.o
 .debug_frame   0x00000eb4      0x20c ./Drivers/STM32F1xx_HAL_Driver/Src/stm32f1xx_hal_dma.o
 .debug_frame   0x000010c0      0x14c ./Drivers/STM32F1xx_HAL_Driver/Src/stm32f1xx_hal_gpio.o
 .debug_frame   0x0000120c      0x218 ./Drivers/STM32F1xx_HAL_Driver/Src/stm32f1xx_hal_rcc.o
 .debug_frame   0x00001424       0x80 ./Drivers/STM32F1xx_HAL_Driver/Src/stm32f1xx_hal_rcc_ex.o
 .debug_frame   0x000014a4      0x944 ./Drivers/STM32F1xx_HAL_Driver/Src/stm32f1xx_hal_uart.o
 .debug_frame   0x00001de8      0x1cc ./IOHWAB/IOHWAB.o
 .debug_frame   0x00001fb4       0xd0 ./KbdDrv/KbdDrv.o
 .debug_frame   0x00002084       0x94 ./ManualAdjustment/ManualAdjustment.o
 .debug_frame   0x00002118       0xc8 ./SeatPositionControl/SeatPositionControl.o
 .debug_frame   0x000021e0      0x240 ./Seat_StateMngr/Seat_StateMngr.o
 .debug_frame   0x00002420       0x20 C:/ST/STM32CubeIDE_1.17.0/STM32CubeIDE/plugins/com.st.stm32cube.ide.mcu.externaltools.gnu-tools-for-stm32.12.3.rel1.win32_1.1.0.202410251130/tools/bin/../lib/gcc/arm-none-eabi/12.3.1/../../../../arm-none-eabi/lib/thumb/v7-m/nofp\libc_nano.a(libc_a-memset.o)
 .debug_frame   0x00002440       0x2c C:/ST/STM32CubeIDE_1.17.0/STM32CubeIDE/plugins/com.st.stm32cube.ide.mcu.externaltools.gnu-tools-for-stm32.12.3.rel1.win32_1.1.0.202410251130/tools/bin/../lib/gcc/arm-none-eabi/12.3.1/../../../../arm-none-eabi/lib/thumb/v7-m/nofp\libc_nano.a(libc_a-init.o)

.debug_line_str
                0x00000000       0x59
 .debug_line_str
                0x00000000       0x59 ./Core/Startup/startup_stm32f103rctx.o
