../Seat_StateMngr/Seat_StateMngr.c:65:6:Stm_Init	4	static
../Seat_StateMngr/Seat_StateMngr.c:76:6:Stm_Task	8	static
../Seat_StateMngr/Seat_StateMngr.c:111:13:Stm_Do_Idle	16	static
../Seat_StateMngr/Seat_StateMngr.c:133:13:Stm_Enter_AutoLocal	8	static
../Seat_StateMngr/Seat_StateMngr.c:138:13:Stm_Do_AutoLocal	16	static
../Seat_StateMngr/Seat_StateMngr.c:150:13:Stm_Exit_AutoLocal	8	static
../Seat_StateMngr/Seat_StateMngr.c:155:13:Stm_Enter_AutoRemote	8	static
../Seat_StateMngr/Seat_StateMngr.c:160:13:Stm_Do_AutoRemote	16	static
../Seat_StateMngr/Seat_StateMngr.c:170:13:Stm_Exit_AutoRemote	8	static
../Seat_StateMngr/Seat_StateMngr.c:178:13:Stm_Enter_Manual	8	static
../Seat_StateMngr/Seat_StateMngr.c:182:13:Stm_Do_Manual	16	static
../Seat_StateMngr/Seat_StateMngr.c:195:13:Stm_Exit_Manual	8	static
../Seat_StateMngr/Seat_StateMngr.c:199:13:Stm_Enter_EmrgyStop	8	static
../Seat_StateMngr/Seat_StateMngr.c:203:13:Stm_Do_EmrgyStop	4	static
../Seat_StateMngr/Seat_StateMngr.c:210:13:Stm_Exit_EmrgyStop	4	static
../Seat_StateMngr/Seat_StateMngr.c:213:13:Stm_Enter_Diag	4	static
../Seat_StateMngr/Seat_StateMngr.c:216:13:Stm_Do_Diag	4	static
../Seat_StateMngr/Seat_StateMngr.c:219:13:Stm_Exit_Diag	4	static
